Archive member included because of file (symbol)

../sopc_test_bsp/\libhal_bsp.a(alt_load.o)
                              ../sopc_test_bsp//obj/HAL/src/crt0.o (alt_load)
../sopc_test_bsp/\libhal_bsp.a(alt_main.o)
                              ../sopc_test_bsp//obj/HAL/src/crt0.o (alt_main)
../sopc_test_bsp/\libhal_bsp.a(alt_putstr.o)
                              obj/default/hello_world_small.o (alt_putstr)
../sopc_test_bsp/\libhal_bsp.a(alt_usleep.o)
                              obj/default/hello_world_small.o (usleep)
../sopc_test_bsp/\libhal_bsp.a(alt_sys_init.o)
                              ../sopc_test_bsp/\libhal_bsp.a(alt_main.o) (alt_sys_init)
../sopc_test_bsp/\libhal_bsp.a(altera_avalon_jtag_uart_write.o)
                              ../sopc_test_bsp/\libhal_bsp.a(alt_putstr.o) (altera_avalon_jtag_uart_write)
../sopc_test_bsp/\libhal_bsp.a(alt_busy_sleep.o)
                              ../sopc_test_bsp/\libhal_bsp.a(alt_usleep.o) (alt_busy_sleep)
../sopc_test_bsp/\libhal_bsp.a(alt_dcache_flush_all.o)
                              ../sopc_test_bsp/\libhal_bsp.a(alt_load.o) (alt_dcache_flush_all)
../sopc_test_bsp/\libhal_bsp.a(alt_icache_flush_all.o)
                              ../sopc_test_bsp/\libhal_bsp.a(alt_load.o) (alt_icache_flush_all)
../sopc_test_bsp/\libhal_bsp.a(altera_nios2_irq.o)
                              ../sopc_test_bsp/\libhal_bsp.a(alt_sys_init.o) (altera_nios2_irq_init)
c:/altera/11.1sp2/nios2eds/bin/gnu/h-i686-mingw32/bin/../lib/gcc/nios2-elf/4.1.2/../../../../nios2-elf/lib/mno-hw-mul\libsmallc.a(lib_a-strlen.o)
                              ../sopc_test_bsp/\libhal_bsp.a(alt_putstr.o) (strlen)
c:/altera/11.1sp2/nios2eds/bin/gnu/h-i686-mingw32/bin/../lib/gcc/nios2-elf/4.1.2/mno-hw-mul\libgcc.a(lib2-divmod.o)
                              ../sopc_test_bsp/\libhal_bsp.a(alt_busy_sleep.o) (__udivsi3)
c:/altera/11.1sp2/nios2eds/bin/gnu/h-i686-mingw32/bin/../lib/gcc/nios2-elf/4.1.2/mno-hw-mul\libgcc.a(lib2-mul.o)
                              ../sopc_test_bsp/\libhal_bsp.a(alt_busy_sleep.o) (__mulsi3)

Memory Configuration

Name             Origin             Length             Attributes
reset            0x00008000         0x00000020
onchip_memory2_0 0x00008020         0x00004fe0
*default*        0x00000000         0xffffffff

Linker script and memory map

LOAD ../sopc_test_bsp//obj/HAL/src/crt0.o
                0x0000800c                exit = _exit
LOAD obj/default/hello_world_small.o
LOAD c:/altera/11.1sp2/nios2eds/bin/gnu/h-i686-mingw32/bin/../lib/gcc/nios2-elf/4.1.2/../../../../nios2-elf/lib/mno-hw-mul\libstdc++.a
LOAD c:/altera/11.1sp2/nios2eds/bin/gnu/h-i686-mingw32/bin/../lib/gcc/nios2-elf/4.1.2/../../../../nios2-elf/lib/mno-hw-mul\libm.a
LOAD c:/altera/11.1sp2/nios2eds/bin/gnu/h-i686-mingw32/bin/../lib/gcc/nios2-elf/4.1.2/mno-hw-mul\libgcc.a
START GROUP
LOAD c:/altera/11.1sp2/nios2eds/bin/gnu/h-i686-mingw32/bin/../lib/gcc/nios2-elf/4.1.2/../../../../nios2-elf/lib/mno-hw-mul\libsmallc.a
LOAD c:/altera/11.1sp2/nios2eds/bin/gnu/h-i686-mingw32/bin/../lib/gcc/nios2-elf/4.1.2/mno-hw-mul\libgcc.a
LOAD ../sopc_test_bsp/\libhal_bsp.a
END GROUP
LOAD c:/altera/11.1sp2/nios2eds/bin/gnu/h-i686-mingw32/bin/../lib/gcc/nios2-elf/4.1.2/mno-hw-mul\libgcc.a
                0x00008000                __alt_mem_onchip_memory2_0 = 0x8000

.entry          0x00008000       0x20
 *(.entry)
 .entry         0x00008000       0x20 ../sopc_test_bsp//obj/HAL/src/crt0.o
                0x00008000                __reset
                0x0000800c                _exit

.exceptions     0x00008020        0x0
                0x00008020                PROVIDE (__ram_exceptions_start, ABSOLUTE (.))
                0x00008020                . = ALIGN (0x20)
 *(.irq)
 *(.exceptions.entry.label)
 *(.exceptions.entry.user)
 *(.exceptions.entry)
 *(.exceptions.irqtest.user)
 *(.exceptions.irqtest)
 *(.exceptions.irqhandler.user)
 *(.exceptions.irqhandler)
 *(.exceptions.irqreturn.user)
 *(.exceptions.irqreturn)
 *(.exceptions.notirq.label)
 *(.exceptions.notirq.user)
 *(.exceptions.notirq)
 *(.exceptions.soft.user)
 *(.exceptions.soft)
 *(.exceptions.unknown.user)
 *(.exceptions.unknown)
 *(.exceptions.exit.label)
 *(.exceptions.exit.user)
 *(.exceptions.exit)
 *(.exceptions)
                0x00008020                PROVIDE (__ram_exceptions_end, ABSOLUTE (.))
                0x00008020                PROVIDE (__flash_exceptions_start, LOADADDR (.exceptions))

.text           0x00008020      0x470
                0x00008020                PROVIDE (stext, ABSOLUTE (.))
 *(.interp)
 *(.hash)
 *(.dynsym)
 *(.dynstr)
 *(.gnu.version)
 *(.gnu.version_d)
 *(.gnu.version_r)
 *(.rel.init)
 *(.rela.init)
 *(.rel.text .rel.text.* .rel.gnu.linkonce.t.*)
 *(.rela.text .rela.text.* .rela.gnu.linkonce.t.*)
 *(.rel.fini)
 *(.rela.fini)
 *(.rel.rodata .rel.rodata.* .rel.gnu.linkonce.r.*)
 *(.rela.rodata .rela.rodata.* .rela.gnu.linkonce.r.*)
 *(.rel.data .rel.data.* .rel.gnu.linkonce.d.*)
 *(.rela.data .rela.data.* .rela.gnu.linkonce.d.*)
 *(.rel.tdata .rel.tdata.* .rel.gnu.linkonce.td.*)
 *(.rela.tdata .rela.tdata.* .rela.gnu.linkonce.td.*)
 *(.rel.tbss .rel.tbss.* .rel.gnu.linkonce.tb.*)
 *(.rela.tbss .rela.tbss.* .rela.gnu.linkonce.tb.*)
 *(.rel.ctors)
 *(.rela.ctors)
 *(.rel.dtors)
 *(.rela.dtors)
 *(.rel.got)
 *(.rela.got)
 *(.rel.sdata .rel.sdata.* .rel.gnu.linkonce.s.*)
 *(.rela.sdata .rela.sdata.* .rela.gnu.linkonce.s.*)
 *(.rel.sbss .rel.sbss.* .rel.gnu.linkonce.sb.*)
 *(.rela.sbss .rela.sbss.* .rela.gnu.linkonce.sb.*)
 *(.rel.sdata2 .rel.sdata2.* .rel.gnu.linkonce.s2.*)
 *(.rela.sdata2 .rela.sdata2.* .rela.gnu.linkonce.s2.*)
 *(.rel.sbss2 .rel.sbss2.* .rel.gnu.linkonce.sb2.*)
 *(.rela.sbss2 .rela.sbss2.* .rela.gnu.linkonce.sb2.*)
 *(.rel.bss .rel.bss.* .rel.gnu.linkonce.b.*)
 *(.rela.bss .rela.bss.* .rela.gnu.linkonce.b.*)
 *(.rel.plt)
 *(.rela.plt)
 *(.rel.dyn)
 *(.init)
 *(.plt)
 *(.text .stub .text.* .gnu.linkonce.t.*)
 .text          0x00008020       0x3c ../sopc_test_bsp//obj/HAL/src/crt0.o
                0x00008020                _start
 .text          0x0000805c       0xa8 obj/default/hello_world_small.o
                0x0000805c                main
 .text          0x00008104       0x8c ../sopc_test_bsp/\libhal_bsp.a(alt_load.o)
                0x00008124                alt_load
 .text          0x00008190       0x2c ../sopc_test_bsp/\libhal_bsp.a(alt_main.o)
                0x00008190                alt_main
 .text          0x000081bc       0x38 ../sopc_test_bsp/\libhal_bsp.a(alt_putstr.o)
                0x000081bc                alt_putstr
 .text          0x000081f4        0x4 ../sopc_test_bsp/\libhal_bsp.a(alt_usleep.o)
                0x000081f4                usleep
 .text          0x000081f8       0x24 ../sopc_test_bsp/\libhal_bsp.a(alt_sys_init.o)
                0x000081f8                alt_sys_init
                0x000081fc                alt_irq_init
 .text          0x0000821c       0x34 ../sopc_test_bsp/\libhal_bsp.a(altera_avalon_jtag_uart_write.o)
                0x0000821c                altera_avalon_jtag_uart_write
 .text          0x00008250       0x8c ../sopc_test_bsp/\libhal_bsp.a(alt_busy_sleep.o)
                0x00008250                alt_busy_sleep
 .text          0x000082dc        0x4 ../sopc_test_bsp/\libhal_bsp.a(alt_dcache_flush_all.o)
                0x000082dc                alt_dcache_flush_all
 .text          0x000082e0        0x4 ../sopc_test_bsp/\libhal_bsp.a(alt_icache_flush_all.o)
                0x000082e0                alt_icache_flush_all
 .text          0x000082e4        0x8 ../sopc_test_bsp/\libhal_bsp.a(altera_nios2_irq.o)
                0x000082e4                altera_nios2_irq_init
 .text          0x000082ec       0x20 c:/altera/11.1sp2/nios2eds/bin/gnu/h-i686-mingw32/bin/../lib/gcc/nios2-elf/4.1.2/../../../../nios2-elf/lib/mno-hw-mul\libsmallc.a(lib_a-strlen.o)
                0x000082ec                strlen
 .text          0x0000830c      0x14c c:/altera/11.1sp2/nios2eds/bin/gnu/h-i686-mingw32/bin/../lib/gcc/nios2-elf/4.1.2/mno-hw-mul\libgcc.a(lib2-divmod.o)
                0x00008388                __divsi3
                0x000083e8                __modsi3
                0x00008448                __udivsi3
                0x00008450                __umodsi3
 .text          0x00008458       0x38 c:/altera/11.1sp2/nios2eds/bin/gnu/h-i686-mingw32/bin/../lib/gcc/nios2-elf/4.1.2/mno-hw-mul\libgcc.a(lib2-mul.o)
                0x00008458                __mulsi3
 *(.gnu.warning.*)
 *(.fini)
                0x00008490                PROVIDE (__etext, ABSOLUTE (.))
                0x00008490                PROVIDE (_etext, ABSOLUTE (.))
                0x00008490                PROVIDE (etext, ABSOLUTE (.))
 *(.eh_frame_hdr)
                0x00008490                . = ALIGN (0x4)
                0x00008490                PROVIDE (__preinit_array_start, ABSOLUTE (.))
 *(.preinit_array)
                0x00008490                PROVIDE (__preinit_array_end, ABSOLUTE (.))
                0x00008490                PROVIDE (__init_array_start, ABSOLUTE (.))
 *(.init_array)
                0x00008490                PROVIDE (__init_array_end, ABSOLUTE (.))
                0x00008490                PROVIDE (__fini_array_start, ABSOLUTE (.))
 *(.fini_array)
                0x00008490                PROVIDE (__fini_array_end, ABSOLUTE (.))
 *(.eh_frame)
 *(.gcc_except_table)
 *(.dynamic)
                0x00008490                PROVIDE (__CTOR_LIST__, ABSOLUTE (.))
 *(.ctors)
 *(SORT(.ctors.*))
                0x00008490                PROVIDE (__CTOR_END__, ABSOLUTE (.))
                0x00008490                PROVIDE (__DTOR_LIST__, ABSOLUTE (.))
 *(.dtors)
 *(SORT(.dtors.*))
                0x00008490                PROVIDE (__DTOR_END__, ABSOLUTE (.))
 *(.jcr)
                0x00008490                . = ALIGN (0x4)

.rodata         0x00008490       0x18
                0x00008490                PROVIDE (__ram_rodata_start, ABSOLUTE (.))
                0x00008490                . = ALIGN (0x4)
 *(.rodata .rodata.* .gnu.linkonce.r.*)
 .rodata.str1.4
                0x00008490       0x18 obj/default/hello_world_small.o
 *(.rodata1)
                0x000084a8                . = ALIGN (0x4)
                0x000084a8                PROVIDE (__ram_rodata_end, ABSOLUTE (.))
                0x00008490                PROVIDE (__flash_rodata_start, LOADADDR (.rodata))

.rwdata         0x000084a8       0x18 load address 0x000084c0
                0x000084a8                PROVIDE (__ram_rwdata_start, ABSOLUTE (.))
                0x000084a8                . = ALIGN (0x4)
 *(.got.plt)
 *(.got)
 *(.data1)
 *(.data .data.* .gnu.linkonce.d.*)
 .data          0x000084a8        0x0 ../sopc_test_bsp//obj/HAL/src/crt0.o
 .data          0x000084a8        0x0 obj/default/hello_world_small.o
 .data          0x000084a8        0x0 ../sopc_test_bsp/\libhal_bsp.a(alt_load.o)
 .data          0x000084a8        0x0 ../sopc_test_bsp/\libhal_bsp.a(alt_main.o)
 .data          0x000084a8        0x0 ../sopc_test_bsp/\libhal_bsp.a(alt_putstr.o)
 .data          0x000084a8        0x0 ../sopc_test_bsp/\libhal_bsp.a(alt_usleep.o)
 .data          0x000084a8        0x0 ../sopc_test_bsp/\libhal_bsp.a(alt_sys_init.o)
 .data          0x000084a8        0x0 ../sopc_test_bsp/\libhal_bsp.a(altera_avalon_jtag_uart_write.o)
 .data          0x000084a8        0x0 ../sopc_test_bsp/\libhal_bsp.a(alt_busy_sleep.o)
 .data          0x000084a8        0x0 ../sopc_test_bsp/\libhal_bsp.a(alt_dcache_flush_all.o)
 .data          0x000084a8        0x0 ../sopc_test_bsp/\libhal_bsp.a(alt_icache_flush_all.o)
 .data          0x000084a8        0x0 ../sopc_test_bsp/\libhal_bsp.a(altera_nios2_irq.o)
 .data          0x000084a8        0x0 c:/altera/11.1sp2/nios2eds/bin/gnu/h-i686-mingw32/bin/../lib/gcc/nios2-elf/4.1.2/../../../../nios2-elf/lib/mno-hw-mul\libsmallc.a(lib_a-strlen.o)
 .data          0x000084a8        0x0 c:/altera/11.1sp2/nios2eds/bin/gnu/h-i686-mingw32/bin/../lib/gcc/nios2-elf/4.1.2/mno-hw-mul\libgcc.a(lib2-divmod.o)
 .data          0x000084a8        0x0 c:/altera/11.1sp2/nios2eds/bin/gnu/h-i686-mingw32/bin/../lib/gcc/nios2-elf/4.1.2/mno-hw-mul\libgcc.a(lib2-mul.o)
                0x000104a8                _gp = ABSOLUTE ((. + 0x8000))
                0x000104a8                PROVIDE (gp, _gp)
 *(.rwdata .rwdata.*)
 *(.sdata .sdata.* .gnu.linkonce.s.*)
 .sdata         0x000084a8       0x14 obj/default/hello_world_small.o
                0x000084a8                leds
                0x000084ac                butt
                0x000084b0                freq
                0x000084b4                duty
                0x000084b8                control
 .sdata         0x000084bc        0x4 ../sopc_test_bsp/\libhal_bsp.a(alt_sys_init.o)
                0x000084bc                jtag_uart_0
 *(.sdata2 .sdata2.* .gnu.linkonce.s2.*)
                0x000084c0                . = ALIGN (0x4)
                0x000084c0                _edata = ABSOLUTE (.)
                0x000084c0                PROVIDE (edata, ABSOLUTE (.))
                0x000084c0                PROVIDE (__ram_rwdata_end, ABSOLUTE (.))
                0x000084c0                PROVIDE (__flash_rwdata_start, LOADADDR (.rwdata))

.bss            0x000084d8        0xc
                0x000084d8                __bss_start = ABSOLUTE (.)
                0x000084d8                PROVIDE (__sbss_start, ABSOLUTE (.))
                0x000084d8                PROVIDE (___sbss_start, ABSOLUTE (.))
 *(.dynsbss)
 *(.sbss .sbss.* .gnu.linkonce.sb.*)
 .sbss          0x000084d8        0xc ../sopc_test_bsp/\libhal_bsp.a(alt_main.o)
                0x000084d8                alt_argc
                0x000084dc                alt_argv
                0x000084e0                alt_envp
 *(.sbss2 .sbss2.* .gnu.linkonce.sb2.*)
 *(.scommon)
                0x000084e4                PROVIDE (__sbss_end, ABSOLUTE (.))
                0x000084e4                PROVIDE (___sbss_end, ABSOLUTE (.))
 *(.dynbss)
 *(.bss .bss.* .gnu.linkonce.b.*)
 .bss           0x000084e4        0x0 ../sopc_test_bsp//obj/HAL/src/crt0.o
 .bss           0x000084e4        0x0 obj/default/hello_world_small.o
 .bss           0x000084e4        0x0 ../sopc_test_bsp/\libhal_bsp.a(alt_load.o)
 .bss           0x000084e4        0x0 ../sopc_test_bsp/\libhal_bsp.a(alt_main.o)
 .bss           0x000084e4        0x0 ../sopc_test_bsp/\libhal_bsp.a(alt_putstr.o)
 .bss           0x000084e4        0x0 ../sopc_test_bsp/\libhal_bsp.a(alt_usleep.o)
 .bss           0x000084e4        0x0 ../sopc_test_bsp/\libhal_bsp.a(alt_sys_init.o)
 .bss           0x000084e4        0x0 ../sopc_test_bsp/\libhal_bsp.a(altera_avalon_jtag_uart_write.o)
 .bss           0x000084e4        0x0 ../sopc_test_bsp/\libhal_bsp.a(alt_busy_sleep.o)
 .bss           0x000084e4        0x0 ../sopc_test_bsp/\libhal_bsp.a(alt_dcache_flush_all.o)
 .bss           0x000084e4        0x0 ../sopc_test_bsp/\libhal_bsp.a(alt_icache_flush_all.o)
 .bss           0x000084e4        0x0 ../sopc_test_bsp/\libhal_bsp.a(altera_nios2_irq.o)
 .bss           0x000084e4        0x0 c:/altera/11.1sp2/nios2eds/bin/gnu/h-i686-mingw32/bin/../lib/gcc/nios2-elf/4.1.2/../../../../nios2-elf/lib/mno-hw-mul\libsmallc.a(lib_a-strlen.o)
 .bss           0x000084e4        0x0 c:/altera/11.1sp2/nios2eds/bin/gnu/h-i686-mingw32/bin/../lib/gcc/nios2-elf/4.1.2/mno-hw-mul\libgcc.a(lib2-divmod.o)
 .bss           0x000084e4        0x0 c:/altera/11.1sp2/nios2eds/bin/gnu/h-i686-mingw32/bin/../lib/gcc/nios2-elf/4.1.2/mno-hw-mul\libgcc.a(lib2-mul.o)
 *(COMMON)
                0x000084e4                . = ALIGN (0x4)
                0x000084e4                __bss_end = ABSOLUTE (.)

.onchip_memory2_0
                0x000084e4        0x0
                0x000084e4                PROVIDE (_alt_partition_onchip_memory2_0_start, ABSOLUTE (.))
 *(.onchip_memory2_0. onchip_memory2_0.*)
                0x000084e4                . = ALIGN (0x4)
                0x000084e4                PROVIDE (_alt_partition_onchip_memory2_0_end, ABSOLUTE (.))
                0x000084e4                _end = ABSOLUTE (.)
                0x000084e4                end = ABSOLUTE (.)
                0x000084e4                __alt_stack_base = ABSOLUTE (.)
                0x000084e4                PROVIDE (_alt_partition_onchip_memory2_0_load_addr, LOADADDR (.onchip_memory2_0))

.stab
 *(.stab)

.stabstr
 *(.stabstr)

.stab.excl
 *(.stab.excl)

.stab.exclstr
 *(.stab.exclstr)

.stab.index
 *(.stab.index)

.stab.indexstr
 *(.stab.indexstr)

.comment        0x00000000       0x26
 *(.comment)
 .comment       0x00000000       0x26 obj/default/hello_world_small.o
                                 0x27 (size before relaxing)
 .comment       0x00000000       0x27 ../sopc_test_bsp/\libhal_bsp.a(alt_load.o)
 .comment       0x00000000       0x27 ../sopc_test_bsp/\libhal_bsp.a(alt_main.o)
 .comment       0x00000000       0x27 ../sopc_test_bsp/\libhal_bsp.a(alt_putstr.o)
 .comment       0x00000000       0x27 ../sopc_test_bsp/\libhal_bsp.a(alt_usleep.o)
 .comment       0x00000000       0x27 ../sopc_test_bsp/\libhal_bsp.a(alt_sys_init.o)
 .comment       0x00000000       0x27 ../sopc_test_bsp/\libhal_bsp.a(altera_avalon_jtag_uart_write.o)
 .comment       0x00000000       0x27 ../sopc_test_bsp/\libhal_bsp.a(alt_busy_sleep.o)
 .comment       0x00000000       0x27 ../sopc_test_bsp/\libhal_bsp.a(alt_dcache_flush_all.o)
 .comment       0x00000000       0x27 ../sopc_test_bsp/\libhal_bsp.a(alt_icache_flush_all.o)
 .comment       0x00000000       0x27 ../sopc_test_bsp/\libhal_bsp.a(altera_nios2_irq.o)
 .comment       0x00000000       0x27 c:/altera/11.1sp2/nios2eds/bin/gnu/h-i686-mingw32/bin/../lib/gcc/nios2-elf/4.1.2/../../../../nios2-elf/lib/mno-hw-mul\libsmallc.a(lib_a-strlen.o)
 .comment       0x00000000       0x27 c:/altera/11.1sp2/nios2eds/bin/gnu/h-i686-mingw32/bin/../lib/gcc/nios2-elf/4.1.2/mno-hw-mul\libgcc.a(lib2-divmod.o)
 .comment       0x00000000       0x27 c:/altera/11.1sp2/nios2eds/bin/gnu/h-i686-mingw32/bin/../lib/gcc/nios2-elf/4.1.2/mno-hw-mul\libgcc.a(lib2-mul.o)

.debug
 *(.debug)

.line
 *(.line)

.debug_srcinfo
 *(.debug_srcinfo)

.debug_sfnames
 *(.debug_sfnames)

.debug_aranges  0x00000000      0x1e8
 *(.debug_aranges)
 .debug_aranges
                0x00000000       0x28 ../sopc_test_bsp//obj/HAL/src/crt0.o
 .debug_aranges
                0x00000028       0x20 obj/default/hello_world_small.o
 .debug_aranges
                0x00000048       0x20 ../sopc_test_bsp/\libhal_bsp.a(alt_load.o)
 .debug_aranges
                0x00000068       0x20 ../sopc_test_bsp/\libhal_bsp.a(alt_main.o)
 .debug_aranges
                0x00000088       0x20 ../sopc_test_bsp/\libhal_bsp.a(alt_putstr.o)
 .debug_aranges
                0x000000a8       0x20 ../sopc_test_bsp/\libhal_bsp.a(alt_usleep.o)
 .debug_aranges
                0x000000c8       0x20 ../sopc_test_bsp/\libhal_bsp.a(alt_sys_init.o)
 .debug_aranges
                0x000000e8       0x20 ../sopc_test_bsp/\libhal_bsp.a(altera_avalon_jtag_uart_write.o)
 .debug_aranges
                0x00000108       0x20 ../sopc_test_bsp/\libhal_bsp.a(alt_busy_sleep.o)
 .debug_aranges
                0x00000128       0x20 ../sopc_test_bsp/\libhal_bsp.a(alt_dcache_flush_all.o)
 .debug_aranges
                0x00000148       0x20 ../sopc_test_bsp/\libhal_bsp.a(alt_icache_flush_all.o)
 .debug_aranges
                0x00000168       0x20 ../sopc_test_bsp/\libhal_bsp.a(altera_nios2_irq.o)
 .debug_aranges
                0x00000188       0x20 c:/altera/11.1sp2/nios2eds/bin/gnu/h-i686-mingw32/bin/../lib/gcc/nios2-elf/4.1.2/../../../../nios2-elf/lib/mno-hw-mul\libsmallc.a(lib_a-strlen.o)
 .debug_aranges
                0x000001a8       0x20 c:/altera/11.1sp2/nios2eds/bin/gnu/h-i686-mingw32/bin/../lib/gcc/nios2-elf/4.1.2/mno-hw-mul\libgcc.a(lib2-divmod.o)
 .debug_aranges
                0x000001c8       0x20 c:/altera/11.1sp2/nios2eds/bin/gnu/h-i686-mingw32/bin/../lib/gcc/nios2-elf/4.1.2/mno-hw-mul\libgcc.a(lib2-mul.o)

.debug_pubnames
                0x00000000      0x291
 *(.debug_pubnames)
 .debug_pubnames
                0x00000000       0x4b obj/default/hello_world_small.o
 .debug_pubnames
                0x0000004b       0x1f ../sopc_test_bsp/\libhal_bsp.a(alt_load.o)
 .debug_pubnames
                0x0000006a       0x46 ../sopc_test_bsp/\libhal_bsp.a(alt_main.o)
 .debug_pubnames
                0x000000b0       0x21 ../sopc_test_bsp/\libhal_bsp.a(alt_putstr.o)
 .debug_pubnames
                0x000000d1       0x1d ../sopc_test_bsp/\libhal_bsp.a(alt_usleep.o)
 .debug_pubnames
                0x000000ee       0x44 ../sopc_test_bsp/\libhal_bsp.a(alt_sys_init.o)
 .debug_pubnames
                0x00000132       0x34 ../sopc_test_bsp/\libhal_bsp.a(altera_avalon_jtag_uart_write.o)
 .debug_pubnames
                0x00000166       0x25 ../sopc_test_bsp/\libhal_bsp.a(alt_busy_sleep.o)
 .debug_pubnames
                0x0000018b       0x2b ../sopc_test_bsp/\libhal_bsp.a(alt_dcache_flush_all.o)
 .debug_pubnames
                0x000001b6       0x2b ../sopc_test_bsp/\libhal_bsp.a(alt_icache_flush_all.o)
 .debug_pubnames
                0x000001e1       0x2c ../sopc_test_bsp/\libhal_bsp.a(altera_nios2_irq.o)
 .debug_pubnames
                0x0000020d       0x1d c:/altera/11.1sp2/nios2eds/bin/gnu/h-i686-mingw32/bin/../lib/gcc/nios2-elf/4.1.2/../../../../nios2-elf/lib/mno-hw-mul\libsmallc.a(lib_a-strlen.o)
 .debug_pubnames
                0x0000022a       0x48 c:/altera/11.1sp2/nios2eds/bin/gnu/h-i686-mingw32/bin/../lib/gcc/nios2-elf/4.1.2/mno-hw-mul\libgcc.a(lib2-divmod.o)
 .debug_pubnames
                0x00000272       0x1f c:/altera/11.1sp2/nios2eds/bin/gnu/h-i686-mingw32/bin/../lib/gcc/nios2-elf/4.1.2/mno-hw-mul\libgcc.a(lib2-mul.o)

.debug_info     0x00000000      0xedd
 *(.debug_info .gnu.linkonce.wi.*)
 .debug_info    0x00000000       0x66 ../sopc_test_bsp//obj/HAL/src/crt0.o
 .debug_info    0x00000066      0x160 obj/default/hello_world_small.o
 .debug_info    0x000001c6      0x12e ../sopc_test_bsp/\libhal_bsp.a(alt_load.o)
 .debug_info    0x000002f4      0x125 ../sopc_test_bsp/\libhal_bsp.a(alt_main.o)
 .debug_info    0x00000419       0xc5 ../sopc_test_bsp/\libhal_bsp.a(alt_putstr.o)
 .debug_info    0x000004de       0xab ../sopc_test_bsp/\libhal_bsp.a(alt_usleep.o)
 .debug_info    0x00000589      0x17d ../sopc_test_bsp/\libhal_bsp.a(alt_sys_init.o)
 .debug_info    0x00000706      0x18f ../sopc_test_bsp/\libhal_bsp.a(altera_avalon_jtag_uart_write.o)
 .debug_info    0x00000895       0xd0 ../sopc_test_bsp/\libhal_bsp.a(alt_busy_sleep.o)
 .debug_info    0x00000965       0x8d ../sopc_test_bsp/\libhal_bsp.a(alt_dcache_flush_all.o)
 .debug_info    0x000009f2       0x8d ../sopc_test_bsp/\libhal_bsp.a(alt_icache_flush_all.o)
 .debug_info    0x00000a7f       0x8d ../sopc_test_bsp/\libhal_bsp.a(altera_nios2_irq.o)
 .debug_info    0x00000b0c       0xc2 c:/altera/11.1sp2/nios2eds/bin/gnu/h-i686-mingw32/bin/../lib/gcc/nios2-elf/4.1.2/../../../../nios2-elf/lib/mno-hw-mul\libsmallc.a(lib_a-strlen.o)
 .debug_info    0x00000bce      0x21c c:/altera/11.1sp2/nios2eds/bin/gnu/h-i686-mingw32/bin/../lib/gcc/nios2-elf/4.1.2/mno-hw-mul\libgcc.a(lib2-divmod.o)
 .debug_info    0x00000dea       0xf3 c:/altera/11.1sp2/nios2eds/bin/gnu/h-i686-mingw32/bin/../lib/gcc/nios2-elf/4.1.2/mno-hw-mul\libgcc.a(lib2-mul.o)

.debug_abbrev   0x00000000      0x7a9
 *(.debug_abbrev)
 .debug_abbrev  0x00000000       0x12 ../sopc_test_bsp//obj/HAL/src/crt0.o
 .debug_abbrev  0x00000012       0xa3 obj/default/hello_world_small.o
 .debug_abbrev  0x000000b5       0x97 ../sopc_test_bsp/\libhal_bsp.a(alt_load.o)
 .debug_abbrev  0x0000014c       0xa6 ../sopc_test_bsp/\libhal_bsp.a(alt_main.o)
 .debug_abbrev  0x000001f2       0x7c ../sopc_test_bsp/\libhal_bsp.a(alt_putstr.o)
 .debug_abbrev  0x0000026e       0x5d ../sopc_test_bsp/\libhal_bsp.a(alt_usleep.o)
 .debug_abbrev  0x000002cb       0xe3 ../sopc_test_bsp/\libhal_bsp.a(alt_sys_init.o)
 .debug_abbrev  0x000003ae       0xf0 ../sopc_test_bsp/\libhal_bsp.a(altera_avalon_jtag_uart_write.o)
 .debug_abbrev  0x0000049e       0x79 ../sopc_test_bsp/\libhal_bsp.a(alt_busy_sleep.o)
 .debug_abbrev  0x00000517       0x3f ../sopc_test_bsp/\libhal_bsp.a(alt_dcache_flush_all.o)
 .debug_abbrev  0x00000556       0x3f ../sopc_test_bsp/\libhal_bsp.a(alt_icache_flush_all.o)
 .debug_abbrev  0x00000595       0x3f ../sopc_test_bsp/\libhal_bsp.a(altera_nios2_irq.o)
 .debug_abbrev  0x000005d4       0x7a c:/altera/11.1sp2/nios2eds/bin/gnu/h-i686-mingw32/bin/../lib/gcc/nios2-elf/4.1.2/../../../../nios2-elf/lib/mno-hw-mul\libsmallc.a(lib_a-strlen.o)
 .debug_abbrev  0x0000064e       0xe0 c:/altera/11.1sp2/nios2eds/bin/gnu/h-i686-mingw32/bin/../lib/gcc/nios2-elf/4.1.2/mno-hw-mul\libgcc.a(lib2-divmod.o)
 .debug_abbrev  0x0000072e       0x7b c:/altera/11.1sp2/nios2eds/bin/gnu/h-i686-mingw32/bin/../lib/gcc/nios2-elf/4.1.2/mno-hw-mul\libgcc.a(lib2-mul.o)

.debug_line     0x00000000     0x1e30
 *(.debug_line)
 .debug_line    0x00000000       0x66 ../sopc_test_bsp//obj/HAL/src/crt0.o
 .debug_line    0x00000066      0x252 obj/default/hello_world_small.o
 .debug_line    0x000002b8      0x217 ../sopc_test_bsp/\libhal_bsp.a(alt_load.o)
 .debug_line    0x000004cf      0x2c2 ../sopc_test_bsp/\libhal_bsp.a(alt_main.o)
 .debug_line    0x00000791      0x1d9 ../sopc_test_bsp/\libhal_bsp.a(alt_putstr.o)
 .debug_line    0x0000096a      0x202 ../sopc_test_bsp/\libhal_bsp.a(alt_usleep.o)
 .debug_line    0x00000b6c      0x286 ../sopc_test_bsp/\libhal_bsp.a(alt_sys_init.o)
 .debug_line    0x00000df2      0x2f4 ../sopc_test_bsp/\libhal_bsp.a(altera_avalon_jtag_uart_write.o)
 .debug_line    0x000010e6      0x25e ../sopc_test_bsp/\libhal_bsp.a(alt_busy_sleep.o)
 .debug_line    0x00001344      0x1b5 ../sopc_test_bsp/\libhal_bsp.a(alt_dcache_flush_all.o)
 .debug_line    0x000014f9      0x1b5 ../sopc_test_bsp/\libhal_bsp.a(alt_icache_flush_all.o)
 .debug_line    0x000016ae      0x1c9 ../sopc_test_bsp/\libhal_bsp.a(altera_nios2_irq.o)
 .debug_line    0x00001877      0x250 c:/altera/11.1sp2/nios2eds/bin/gnu/h-i686-mingw32/bin/../lib/gcc/nios2-elf/4.1.2/../../../../nios2-elf/lib/mno-hw-mul\libsmallc.a(lib_a-strlen.o)
 .debug_line    0x00001ac7      0x24f c:/altera/11.1sp2/nios2eds/bin/gnu/h-i686-mingw32/bin/../lib/gcc/nios2-elf/4.1.2/mno-hw-mul\libgcc.a(lib2-divmod.o)
 .debug_line    0x00001d16      0x11a c:/altera/11.1sp2/nios2eds/bin/gnu/h-i686-mingw32/bin/../lib/gcc/nios2-elf/4.1.2/mno-hw-mul\libgcc.a(lib2-mul.o)

.debug_frame    0x00000000      0x260
 *(.debug_frame)
 .debug_frame   0x00000000       0x28 obj/default/hello_world_small.o
 .debug_frame   0x00000028       0x38 ../sopc_test_bsp/\libhal_bsp.a(alt_load.o)
 .debug_frame   0x00000060       0x28 ../sopc_test_bsp/\libhal_bsp.a(alt_main.o)
 .debug_frame   0x00000088       0x28 ../sopc_test_bsp/\libhal_bsp.a(alt_putstr.o)
 .debug_frame   0x000000b0       0x20 ../sopc_test_bsp/\libhal_bsp.a(alt_usleep.o)
 .debug_frame   0x000000d0       0x38 ../sopc_test_bsp/\libhal_bsp.a(alt_sys_init.o)
 .debug_frame   0x00000108       0x20 ../sopc_test_bsp/\libhal_bsp.a(altera_avalon_jtag_uart_write.o)
 .debug_frame   0x00000128       0x28 ../sopc_test_bsp/\libhal_bsp.a(alt_busy_sleep.o)
 .debug_frame   0x00000150       0x20 ../sopc_test_bsp/\libhal_bsp.a(alt_dcache_flush_all.o)
 .debug_frame   0x00000170       0x20 ../sopc_test_bsp/\libhal_bsp.a(alt_icache_flush_all.o)
 .debug_frame   0x00000190       0x20 ../sopc_test_bsp/\libhal_bsp.a(altera_nios2_irq.o)
 .debug_frame   0x000001b0       0x20 c:/altera/11.1sp2/nios2eds/bin/gnu/h-i686-mingw32/bin/../lib/gcc/nios2-elf/4.1.2/../../../../nios2-elf/lib/mno-hw-mul\libsmallc.a(lib_a-strlen.o)
 .debug_frame   0x000001d0       0x70 c:/altera/11.1sp2/nios2eds/bin/gnu/h-i686-mingw32/bin/../lib/gcc/nios2-elf/4.1.2/mno-hw-mul\libgcc.a(lib2-divmod.o)
 .debug_frame   0x00000240       0x20 c:/altera/11.1sp2/nios2eds/bin/gnu/h-i686-mingw32/bin/../lib/gcc/nios2-elf/4.1.2/mno-hw-mul\libgcc.a(lib2-mul.o)

.debug_str      0x00000000      0x702
 *(.debug_str)
 .debug_str     0x00000000      0x113 obj/default/hello_world_small.o
                                0x157 (size before relaxing)
 .debug_str     0x00000113      0x126 ../sopc_test_bsp/\libhal_bsp.a(alt_load.o)
                                0x1bb (size before relaxing)
 .debug_str     0x00000239       0x75 ../sopc_test_bsp/\libhal_bsp.a(alt_main.o)
                                0x13f (size before relaxing)
 .debug_str     0x000002ae       0x4c ../sopc_test_bsp/\libhal_bsp.a(alt_putstr.o)
                                0x116 (size before relaxing)
 .debug_str     0x000002fa       0x27 ../sopc_test_bsp/\libhal_bsp.a(alt_usleep.o)
                                 0xf1 (size before relaxing)
 .debug_str     0x00000321       0x85 ../sopc_test_bsp/\libhal_bsp.a(alt_sys_init.o)
                                0x1b4 (size before relaxing)
 .debug_str     0x000003a6       0x56 ../sopc_test_bsp/\libhal_bsp.a(altera_avalon_jtag_uart_write.o)
                                0x1b7 (size before relaxing)
 .debug_str     0x000003fc       0x42 ../sopc_test_bsp/\libhal_bsp.a(alt_busy_sleep.o)
                                0x114 (size before relaxing)
 .debug_str     0x0000043e       0x34 ../sopc_test_bsp/\libhal_bsp.a(alt_dcache_flush_all.o)
                                 0xfe (size before relaxing)
 .debug_str     0x00000472       0x34 ../sopc_test_bsp/\libhal_bsp.a(alt_icache_flush_all.o)
                                 0xfe (size before relaxing)
 .debug_str     0x000004a6       0x31 ../sopc_test_bsp/\libhal_bsp.a(altera_nios2_irq.o)
                                 0xfb (size before relaxing)
 .debug_str     0x000004d7       0xe9 c:/altera/11.1sp2/nios2eds/bin/gnu/h-i686-mingw32/bin/../lib/gcc/nios2-elf/4.1.2/../../../../nios2-elf/lib/mno-hw-mul\libsmallc.a(lib_a-strlen.o)
                                0x184 (size before relaxing)
 .debug_str     0x000005c0      0x10b c:/altera/11.1sp2/nios2eds/bin/gnu/h-i686-mingw32/bin/../lib/gcc/nios2-elf/4.1.2/mno-hw-mul\libgcc.a(lib2-divmod.o)
                                0x1b4 (size before relaxing)
 .debug_str     0x000006cb       0x37 c:/altera/11.1sp2/nios2eds/bin/gnu/h-i686-mingw32/bin/../lib/gcc/nios2-elf/4.1.2/mno-hw-mul\libgcc.a(lib2-mul.o)
                                0x175 (size before relaxing)

.debug_loc      0x00000000      0x3bd
 *(.debug_loc)
 .debug_loc     0x00000000       0x3d obj/default/hello_world_small.o
 .debug_loc     0x0000003d       0x1f ../sopc_test_bsp/\libhal_bsp.a(alt_load.o)
 .debug_loc     0x0000005c       0x1f ../sopc_test_bsp/\libhal_bsp.a(alt_main.o)
 .debug_loc     0x0000007b       0x48 ../sopc_test_bsp/\libhal_bsp.a(alt_putstr.o)
 .debug_loc     0x000000c3       0x13 ../sopc_test_bsp/\libhal_bsp.a(alt_usleep.o)
 .debug_loc     0x000000d6       0x32 ../sopc_test_bsp/\libhal_bsp.a(alt_sys_init.o)
 .debug_loc     0x00000108       0x26 ../sopc_test_bsp/\libhal_bsp.a(altera_avalon_jtag_uart_write.o)
 .debug_loc     0x0000012e       0x50 ../sopc_test_bsp/\libhal_bsp.a(alt_busy_sleep.o)
 .debug_loc     0x0000017e       0x1e c:/altera/11.1sp2/nios2eds/bin/gnu/h-i686-mingw32/bin/../lib/gcc/nios2-elf/4.1.2/../../../../nios2-elf/lib/mno-hw-mul\libsmallc.a(lib_a-strlen.o)
 .debug_loc     0x0000019c      0x1d2 c:/altera/11.1sp2/nios2eds/bin/gnu/h-i686-mingw32/bin/../lib/gcc/nios2-elf/4.1.2/mno-hw-mul\libgcc.a(lib2-divmod.o)
 .debug_loc     0x0000036e       0x4f c:/altera/11.1sp2/nios2eds/bin/gnu/h-i686-mingw32/bin/../lib/gcc/nios2-elf/4.1.2/mno-hw-mul\libgcc.a(lib2-mul.o)

.debug_macinfo
 *(.debug_macinfo)

.debug_weaknames
 *(.debug_weaknames)

.debug_funcnames
 *(.debug_funcnames)

.debug_typenames
 *(.debug_typenames)

.debug_varnames
 *(.debug_varnames)

.debug_alt_sim_info
                0x00000000       0x40
 *(.debug_alt_sim_info)
 .debug_alt_sim_info
                0x00000000       0x10 ../sopc_test_bsp//obj/HAL/src/crt0.o
 .debug_alt_sim_info
                0x00000010       0x30 ../sopc_test_bsp/\libhal_bsp.a(alt_busy_sleep.o)
                0x0000d000                __alt_data_end = 0xd000
                0x0000d000                PROVIDE (__alt_stack_pointer, __alt_data_end)
                0x000084e4                PROVIDE (__alt_stack_limit, __alt_stack_base)
                0x000084e4                PROVIDE (__alt_heap_start, end)
                0x0000d000                PROVIDE (__alt_heap_limit, 0xd000)
OUTPUT(sopc_test.elf elf32-littlenios2)

.debug_ranges   0x00000000       0x20
 .debug_ranges  0x00000000       0x20 ../sopc_test_bsp//obj/HAL/src/crt0.o
